 library(caret)
 Loading required package: ggplot2
Loading required package: lattice
> library(rpart)
> library(rpart.plot)
> library(RColorBrewer)
> library(RGtk2)
Error in library(RGtk2) : there is no package called ‘RGtk2’
> library(rattle)
Loading required package: tibble
Loading required package: bitops
Rattle: A free graphical interface for data science with R.
Version 5.4.0 Copyright (c) 2006-2020 Togaware Pty Ltd.
Type 'rattle()' to shake, rattle, and roll your data.
> library(randomForest)
randomForest 4.6-14
Type rfNews() to see new features/changes/bug fixes.

Attaching package: ‘randomForest’

The following object is masked from ‘package:rattle’:

    importance

The following object is masked from ‘package:ggplot2’:

    margin

> library(repmis)
Error in library(repmis) : there is no package called ‘repmis’
> library(corrplot)
corrplot 0.90 loaded
> library(gbm)
Loaded gbm 2.1.8
> training <- read.csv("pml-training.csv", na.strings = c("NA", ""))
training <- training[, colSums(is.na(training)) == 0]
testing <- testing[, colSums(is.na(testing)) == 0]
trainData <- training[, -c(1:7)]
testData <- testing[, -c(1:7)]
control <- trainControl(method = "cv", number = 5)
fit_rpart <- train(classe ~ ., data = train, method = "rpart", 
                   trControl = control)
print(fit_rpart, digits = 4)
